// Jest Snapshot v1, https://goo.gl/fbAQLP

exports[`App component Mounts without error 1`] = `
<div
  className="text-center font-sans"
>
  <header
    className="bg-gray-600 m-6 p-6 rounded shadow-lg"
  >
    <h1
      className="text-white text-3xl"
    >
      This is a React app
    </h1>
  </header>
  <p
    className="text-base"
  >
    This app has been build using React & TypeScript
  </p>
</div>
`;
